[www.fed-lab.org/fed-lab.org/index.html]
[backblue.gif]
[fade.gif]
[index.html]
[www.fed-lab.org/fed-lab.org/indexd784d784.html]
[www.fed-lab.org/fed-lab.org/indexa6daa6da.html]
[www.fed-lab.org/fed-lab.org/index51bb51bb.html]
[www.fed-lab.org/fed-lab.org/wp-content/themes/omega/styled22cd22c.css]
[www.fed-lab.org/fed-lab.org/index52f052f0.html]
[www.fed-lab.org/fed-lab.org/wp-includes/wlwmanifest.xml]
[www.fed-lab.org/fed-lab.org/index18331833.html]
[www.fed-lab.org/fed-lab.org/index88348834.html]
[www.fed-lab.org/fed-lab.org/index41804180.html]
[www.fed-lab.org/fed-lab.org/index22132213.html]
[www.fed-lab.org/fed-lab.org/index66c966c9.html]
[www.fed-lab.org/fed-lab.org/index267b267b.html]
[www.fed-lab.org/fed-lab.org/indexdcf5dcf5.html]
[www.fed-lab.org/fed-lab.org/wp-includes/js/comment-reply.mind22cd22c.js]
[www.fed-lab.org/fed-lab.org/index.html]
[www.fed-lab.org/fed-lab.org/indexd784d784.html]
[www.fed-lab.org/fed-lab.org/indexa6daa6da.html]
[www.fed-lab.org/fed-lab.org/index51bb51bb.html]
[www.fed-lab.org/fed-lab.org/xmlrpc.html]
[www.fed-lab.org/fed-lab.org/wp-content/themes/omega/styled22cd22c.css]
[www.fed-lab.org/fed-lab.org/index52f052f0.html]
[www.fed-lab.org/fed-lab.org/wp-includes/js/wp-embed.mind22cd22c.js]
[www.fed-lab.org/fed-lab.org/index999c999c.html]
[www.fed-lab.org/fed-lab.org/indexec4aec4a.html]
[www.fed-lab.org/fed-lab.org/index6f856f85.html]
[www.fed-lab.org/fed-lab.org/index18331833.html]
[www.fed-lab.org/fed-lab.org/indexea86ea86.html]
[www.fed-lab.org/fed-lab.org/indexaa10aa10.html]
[www.fed-lab.org/fed-lab.org/indexb50db50d.html]
[www.fed-lab.org/fed-lab.org/index8b6d8b6d.html]
[www.fed-lab.org/fed-lab.org/index88348834.html]
[www.fed-lab.org/fed-lab.org/index23c223c2.html]
[www.fed-lab.org/fed-lab.org/index2d112d11.html]
[www.fed-lab.org/fed-lab.org/index03e103e1.html]
[www.fed-lab.org/fed-lab.org/index8f488f48.html]
[www.fed-lab.org/fed-lab.org/indexb838b838.html]
[www.fed-lab.org/fed-lab.org/wp-content/uploads/2015/04/verify_entcat_run_tests.png]
[www.fed-lab.org/fed-lab.org/wp-content/uploads/2015/04/verify_entcat_result_example.png]
[www.fed-lab.org/fed-lab.org/index41804180.html]
[www.fed-lab.org/fed-lab.org/wp-content/uploads/2015/02/Skärmavbild-2015-04-14-kl.-11.00.07.png]
[www.fed-lab.org/fed-lab.org/index5c245c24.html]
[www.fed-lab.org/fed-lab.org/indexc8fac8fa.html]
[www.fed-lab.org/fed-lab.org/indexc6e6c6e6.html]
[www.fed-lab.org/fed-lab.org/index22132213.html]
[www.fed-lab.org/fed-lab.org/index52785278.html]
[www.fed-lab.org/fed-lab.org/index81208120.html]
[www.fed-lab.org/fed-lab.org/indexd1c3d1c3.html]
[www.fed-lab.org/fed-lab.org/index6a6e6a6e.html]
[www.fed-lab.org/fed-lab.org/index75d675d6.html]
[www.fed-lab.org/fed-lab.org/wp-content/uploads/2015/04/config_page_start.png]
[www.fed-lab.org/fed-lab.org/wp-content/uploads/2015/02/Skärmavbild-2015-04-14-kl.-13.16.12.png]
[www.fed-lab.org/fed-lab.org/wp-content/uploads/2015/02/Skärmavbild-2015-04-14-kl.-13.14.34.png]
[www.fed-lab.org/fed-lab.org/wp-content/uploads/2015/02/Skärmavbild-2015-04-14-kl.-13.15.24.png]
[www.fed-lab.org/fed-lab.org/wp-content/uploads/2015/02/Skärmavbild-2015-04-14-kl.-13.17.25.png]
[www.fed-lab.org/fed-lab.org/wp-content/uploads/2015/04/Skärmavbild-2015-02-16-kl.-12.34.09.png]
[www.fed-lab.org/fed-lab.org/wp-content/uploads/2015/04/Skärmavbild-2015-02-16-kl.-12.34.09-version-2.png]
[www.fed-lab.org/fed-lab.org/wp-content/uploads/2015/04/Skärmavbild-2015-02-16-kl.-13.31.57.png]
[www.fed-lab.org/fed-lab.org/wp-content/uploads/2015/04/beware1.png]
[www.fed-lab.org/fed-lab.org/wp-content/uploads/2015/04/delete-icon1.png]
[www.fed-lab.org/fed-lab.org/wp-content/uploads/2015/04/info32.png]
[www.fed-lab.org/fed-lab.org/wp-content/uploads/2015/04/black1.png]
[www.fed-lab.org/fed-lab.org/wp-content/uploads/2015/04/green.png]
[www.fed-lab.org/fed-lab.org/wp-content/uploads/2015/04/yellow.png]
[www.fed-lab.org/fed-lab.org/wp-content/uploads/2015/04/red.png]
[www.fed-lab.org/fed-lab.org/wp-content/uploads/2015/04/greybutton.jpg]
[www.fed-lab.org/fed-lab.org/index66c966c9.html]
[www.fed-lab.org/fed-lab.org/wp-content/uploads/2015/04/qmark.jpg]
[www.fed-lab.org/fed-lab.org/indexdfc9dfc9.html]
[www.fed-lab.org/fed-lab.org/index5a6a5a6a.html]
[www.fed-lab.org/fed-lab.org/index63fc63fc.html]
[www.fed-lab.org/fed-lab.org/index267b267b.html]
[www.fed-lab.org/fed-lab.org/indexf2e7f2e7.html]
[www.fed-lab.org/fed-lab.org/index03ea03ea.html]
[www.fed-lab.org/fed-lab.org/indexada0ada0.html]
[www.fed-lab.org/fed-lab.org/indexa285a285.html]
[www.fed-lab.org/fed-lab.org/indexdcf5dcf5.html]
[www.fed-lab.org/fed-lab.org/index999c999c.html]
[www.fed-lab.org/fed-lab.org/indexec4aec4a.html]
[www.fed-lab.org/fed-lab.org/index6f856f85.html]
[www.fed-lab.org/fed-lab.org/indexea86ea86.html]
[www.fed-lab.org/fed-lab.org/indexaa10aa10.html]
[www.fed-lab.org/fed-lab.org/indexb50db50d.html]
[www.fed-lab.org/fed-lab.org/index8b6d8b6d.html]
[www.fed-lab.org/fed-lab.org/index23c223c2.html]
[www.fed-lab.org/fed-lab.org/index2d112d11.html]
[www.fed-lab.org/fed-lab.org/index03e103e1.html]
[www.fed-lab.org/fed-lab.org/index8f488f48.html]
[www.fed-lab.org/fed-lab.org/indexb838b838.html]
[www.fed-lab.org/fed-lab.org/index5c245c24.html]
[www.fed-lab.org/fed-lab.org/indexc8fac8fa.html]
[www.fed-lab.org/fed-lab.org/indexc6e6c6e6.html]
[www.fed-lab.org/fed-lab.org/index52785278.html]
[www.fed-lab.org/fed-lab.org/index81208120.html]
[www.fed-lab.org/fed-lab.org/indexd1c3d1c3.html]
[www.fed-lab.org/fed-lab.org/index6a6e6a6e.html]
[www.fed-lab.org/fed-lab.org/index75d675d6.html]
[www.fed-lab.org/fed-lab.org/indexdfc9dfc9.html]
[www.fed-lab.org/fed-lab.org/index5a6a5a6a.html]
[www.fed-lab.org/fed-lab.org/index63fc63fc.html]
[www.fed-lab.org/fed-lab.org/indexf2e7f2e7.html]
[www.fed-lab.org/fed-lab.org/index03ea03ea.html]
[www.fed-lab.org/fed-lab.org/indexada0ada0.html]
[www.fed-lab.org/fed-lab.org/indexa285a285.html]
[www.fed-lab.org/fed-lab.org/indexad9dad9d.html]
[www.fed-lab.org/fed-lab.org/indexad9dad9d.html]
[www.fed-lab.org/fed-lab.org/xmlrpc0db00db0.html]
